---- AMF Run (26 ms) ----
(time: 0 ms) (grouped: 0 ms) name: group-a-0 / group: group-a
(time: 0 ms) (grouped: 0 ms) name: group-c-1-lonely / group: _
(time: 2 ms) (grouped: 2 ms) name: group-a-1 / group: group-a
(time: 5 ms) (grouped: 0 ms) name: group-a-lonely / group: _
(time: 6 ms) (grouped: 0 ms) name: group-b-0 / group: group-b
(time: 8 ms) (grouped: 6 ms) name: group-a-2 / group: group-a
(time: 12 ms) (grouped: 0 ms) name: group-e-lonely / group: _
(time: 14 ms) (grouped: 6 ms) name: group-a-3 / group: group-a
(time: 18 ms) (grouped: 12 ms) name: group-b-1 / group: group-b
(time: 19 ms) (grouped: 1 ms) name: group-b-2 / group: group-b
(time: 22 ms) (grouped: 0 ms) name: group-d-1-lonely / group: _
(time: 23 ms) (grouped: 4 ms) name: group-b-3 / group: group-b
(time: 25 ms) (grouped: 0 ms) name: group-c-lonely / group: _
(time: 26 ms) (grouped: 3 ms) name: group-b-4 / group: group-b
(time: 26 ms) Execution Finished


